Stepper-Ninja Source-Only Change Log

Date: 2026-10-09

Encoder index latch protocol v2
- Keep raw PIO counts continuous; latch the IRQ count and calculate position
  using a host offset, following LinuxCNC encoder/HostMot2 semantics.
- Use HAL_IO index-enable, persistent completion and request tags to prevent
  repeated high commands, delayed replies and lost responses from rearming
  or completing the wrong request.
- Synchronize command/snapshot with the core-0 index IRQ; core-1 watchdog
  requests disarming rather than resetting PIO/substep state concurrently.
- Calculate velocity from matching raw-count/time deltas across packet loss.
- Packet format changed: update firmware AND driver together. Reject a
  mismatched protocol marker; no automatic legacy fallback or deployment.
- Add shared firmware state-machine and full-driver regression coverage.
- Physical latch accuracy, live homing and any reported segfault still need
  actual hardware validation. See docs/ENCODER-INDEX.md (Hungarian: .hu.md).

Date: 2026-10-06

LinuxCNC 2.9 / 2.10 HAL API compatibility
- Added hal-driver/hal_compat.h and migrated stepgen-ninja pin types,
  creation, value access and callback registration to the shared adapter.
- Based on Frederic Müller (FredericM88)'s MIT-licensed compatibility code:
  https://github.com/FredericM88/linuxcnc-sim
  Preserved the original license in hal-driver/LICENSE.hal-compat.txt and
  added attribution to LICENSE.txt and all language variants of README.
- Migrated Board 0, 1, 2, 3 and 100 helpers, the custom-board template,
  PWM and Raspberry Pi SPI pin accesses; retained test-branch spidev/libgpiod.
- Fixed checksum-error handling to clear the connected pin value while
  retaining its reference; fixed compilation of encoder-free Board 2.
- Migrated lubrication-guard.c and hal_util.c/.h to the same HAL adapter.
  Retained lubrication pin contracts, inversion, timing and fault/reset logic.
- Added the lubrication-guard CMake module target and included it in
  hal-modules, with separate component installation support.
- Added module and utility contract tests, creation/export/ready failure
  checks, profile compilation and cross-version transcript comparisons.
- Validation on x86-64: LinuxCNC 2.9.10 produced both loadable modules and
  passed 30/30 tests; real 2.10.0-pre2 headers compiled both module objects
  and passed 33/33 tests. Lubrication and utility transcripts also matched
  their unchanged original 2.9 sources.
- Live Raspberry Pi/HAL hardware validation remains pending.

Date: 2026-04-04

Intent
- This log focuses on source-level changes only.
- The top-level project is treated as the new version.

Added Files (high-impact explanation)
- A full WIZnet ioLibrary tree was added under firmware/ioLibrary_Driver/.
	This brings Ethernet and Internet protocol support sources (DHCP, DNS, MQTT, SNTP, TFTP, HTTP, SNMP).
- New/expanded breakout board and flash programming modules were added in firmware/modules/.
- Quadrature encoder substep implementation and support files were added in firmware/quadrature_encoder_substep/.
- HAL-side feature modules and utilities were expanded in hal-driver/ and hal-driver/modules/.
- New top-level configuration header was added: pio_settings.h.
- Separated BREAKOUTBOARD handling files.
- Added 2 new BREAKOUTBOARD variants (2 and 3) with associated support files.
- Added new USER BREAKOUTBOARD variant with associated support files (breakoutboard_user.c).

Modified Files (with explanation)
- docs/INSTALL.md
	Installation instructions were updated.
- firmware/CMakeLists.txt
	Firmware build configuration was updated.
- firmware/inc/config.h
- firmware/inc/footer.h
- firmware/inc/internals.h
- firmware/inc/main.h
	Core firmware header/configuration layout was revised.
- firmware/modules/flash_config.c
- firmware/modules/inc/flash_config.h
- firmware/modules/inc/transmission.h
- firmware/modules/mcp4725.c
- firmware/modules/serial_terminal.c
- firmware/src/main.c
	Firmware runtime/module integration changed (flash config, transmission, DAC, serial terminal, and main flow).
- hal-driver/install.sh
	HAL installation flow was updated.

Removed Files (with explanation)
- hal-driver/CmakeLists.txt
	Replaced by correctly cased CMakeLists.txt.
- hal-driver/pi_zero2_gui/source/not_fancy.cc
- hal-driver/pi_zero2_gui/utility/image_converter.py
	Legacy pi_zero2_gui implementation artifacts were removed.
- hal-driver/stepgen-ninja.c
	Driver source moved/reworked in current layout.

Source-Only Removed List
- hal-driver/CmakeLists.txt
- hal-driver/pi_zero2_gui/source/not_fancy.cc
- hal-driver/pi_zero2_gui/utility/image_converter.py
- hal-driver/stepgen-ninja.c

Source-Only Modified List
- docs/INSTALL.md
- firmware/CMakeLists.txt
- firmware/inc/config.h
- firmware/inc/footer.h
- firmware/inc/internals.h
- firmware/inc/main.h
- firmware/modules/flash_config.c
- firmware/modules/inc/flash_config.h
- firmware/modules/inc/transmission.h
- firmware/modules/mcp4725.c
- firmware/modules/serial_terminal.c
- firmware/src/main.c
- hal-driver/install.sh
